------------------------------------------------------------
Timing Analyzer Summary
------------------------------------------------------------

Type  : Slow 1100mV 85C Model Setup 'KEY[0]'
Slack : -4.039
TNS   : -796.385

Type  : Slow 1100mV 85C Model Hold 'KEY[0]'
Slack : 0.267
TNS   : 0.000

Type  : Slow 1100mV 85C Model Minimum Pulse Width 'KEY[0]'
Slack : -2.636
TNS   : -285.812

Type  : Slow 1100mV 0C Model Setup 'KEY[0]'
Slack : -3.958
TNS   : -773.513

Type  : Slow 1100mV 0C Model Hold 'KEY[0]'
Slack : 0.288
TNS   : 0.000

Type  : Slow 1100mV 0C Model Minimum Pulse Width 'KEY[0]'
Slack : -2.636
TNS   : -272.461

Type  : Fast 1100mV 85C Model Setup 'KEY[0]'
Slack : -1.941
TNS   : -341.998

Type  : Fast 1100mV 85C Model Hold 'KEY[0]'
Slack : 0.192
TNS   : 0.000

Type  : Fast 1100mV 85C Model Minimum Pulse Width 'KEY[0]'
Slack : -2.636
TNS   : -210.383

Type  : Fast 1100mV 0C Model Setup 'KEY[0]'
Slack : -1.687
TNS   : -288.732

Type  : Fast 1100mV 0C Model Hold 'KEY[0]'
Slack : 0.181
TNS   : 0.000

Type  : Fast 1100mV 0C Model Minimum Pulse Width 'KEY[0]'
Slack : -2.636
TNS   : -208.162

------------------------------------------------------------
