------------------------------------------------------------
Timing Analyzer Summary
------------------------------------------------------------

Type  : Slow 1100mV 85C Model Setup 'KEY[0]'
Slack : -5.023
TNS   : -629.346

Type  : Slow 1100mV 85C Model Hold 'KEY[0]'
Slack : 0.712
TNS   : 0.000

Type  : Slow 1100mV 85C Model Minimum Pulse Width 'KEY[0]'
Slack : -0.394
TNS   : -103.016

Type  : Slow 1100mV 85C Model Minimum Pulse Width 'CLOCK_50'
Slack : -0.394
TNS   : -9.068

Type  : Slow 1100mV 0C Model Setup 'KEY[0]'
Slack : -5.135
TNS   : -630.575

Type  : Slow 1100mV 0C Model Hold 'KEY[0]'
Slack : 0.721
TNS   : 0.000

Type  : Slow 1100mV 0C Model Minimum Pulse Width 'KEY[0]'
Slack : -0.394
TNS   : -116.444

Type  : Slow 1100mV 0C Model Minimum Pulse Width 'CLOCK_50'
Slack : -0.394
TNS   : -9.832

Type  : Fast 1100mV 85C Model Setup 'KEY[0]'
Slack : -2.391
TNS   : -287.996

Type  : Fast 1100mV 85C Model Hold 'KEY[0]'
Slack : 0.441
TNS   : 0.000

Type  : Fast 1100mV 85C Model Minimum Pulse Width 'CLOCK_50'
Slack : -0.087
TNS   : -1.426

Type  : Fast 1100mV 85C Model Minimum Pulse Width 'KEY[0]'
Slack : -0.054
TNS   : -8.589

Type  : Fast 1100mV 0C Model Setup 'KEY[0]'
Slack : -2.117
TNS   : -254.717

Type  : Fast 1100mV 0C Model Hold 'KEY[0]'
Slack : 0.411
TNS   : 0.000

Type  : Fast 1100mV 0C Model Minimum Pulse Width 'CLOCK_50'
Slack : -0.085
TNS   : -1.399

Type  : Fast 1100mV 0C Model Minimum Pulse Width 'KEY[0]'
Slack : -0.078
TNS   : -12.429

------------------------------------------------------------
