------------------------------------------------------------
Timing Analyzer Summary
------------------------------------------------------------

Type  : Slow 1100mV 85C Model Setup 'KEY[0]'
Slack : -6.849
TNS   : -853.970

Type  : Slow 1100mV 85C Model Hold 'KEY[0]'
Slack : -4.053
TNS   : -451.967

Type  : Slow 1100mV 85C Model Minimum Pulse Width 'KEY[0]'
Slack : -0.394
TNS   : -108.914

Type  : Slow 1100mV 85C Model Minimum Pulse Width 'CLOCK_50'
Slack : -0.394
TNS   : -8.991

Type  : Slow 1100mV 0C Model Setup 'KEY[0]'
Slack : -6.636
TNS   : -823.744

Type  : Slow 1100mV 0C Model Hold 'KEY[0]'
Slack : -3.778
TNS   : -423.814

Type  : Slow 1100mV 0C Model Minimum Pulse Width 'KEY[0]'
Slack : -0.394
TNS   : -97.703

Type  : Slow 1100mV 0C Model Minimum Pulse Width 'CLOCK_50'
Slack : -0.394
TNS   : -9.498

Type  : Fast 1100mV 85C Model Setup 'KEY[0]'
Slack : -4.096
TNS   : -507.733

Type  : Fast 1100mV 85C Model Hold 'KEY[0]'
Slack : -2.410
TNS   : -269.330

Type  : Fast 1100mV 85C Model Minimum Pulse Width 'KEY[0]'
Slack : -0.316
TNS   : -55.393

Type  : Fast 1100mV 85C Model Minimum Pulse Width 'CLOCK_50'
Slack : -0.093
TNS   : -1.557

Type  : Fast 1100mV 0C Model Setup 'KEY[0]'
Slack : -3.466
TNS   : -423.588

Type  : Fast 1100mV 0C Model Hold 'KEY[0]'
Slack : -2.337
TNS   : -272.086

Type  : Fast 1100mV 0C Model Minimum Pulse Width 'KEY[0]'
Slack : -0.314
TNS   : -54.665

Type  : Fast 1100mV 0C Model Minimum Pulse Width 'CLOCK_50'
Slack : -0.089
TNS   : -1.497

------------------------------------------------------------
