------------------------------------------------------------
Timing Analyzer Summary
------------------------------------------------------------

Type  : Slow 1100mV 85C Model Setup 'clk'
Slack : -0.151
TNS   : -0.352

Type  : Slow 1100mV 85C Model Hold 'clk'
Slack : 0.340
TNS   : 0.000

Type  : Slow 1100mV 85C Model Minimum Pulse Width 'clk'
Slack : -0.394
TNS   : -1.572

Type  : Slow 1100mV 0C Model Setup 'clk'
Slack : -0.179
TNS   : -0.363

Type  : Slow 1100mV 0C Model Hold 'clk'
Slack : 0.329
TNS   : 0.000

Type  : Slow 1100mV 0C Model Minimum Pulse Width 'clk'
Slack : -0.394
TNS   : -1.698

Type  : Fast 1100mV 85C Model Setup 'clk'
Slack : 0.305
TNS   : 0.000

Type  : Fast 1100mV 85C Model Hold 'clk'
Slack : 0.182
TNS   : 0.000

Type  : Fast 1100mV 85C Model Minimum Pulse Width 'clk'
Slack : -0.077
TNS   : -0.231

Type  : Fast 1100mV 0C Model Setup 'clk'
Slack : 0.341
TNS   : 0.000

Type  : Fast 1100mV 0C Model Hold 'clk'
Slack : 0.173
TNS   : 0.000

Type  : Fast 1100mV 0C Model Minimum Pulse Width 'clk'
Slack : -0.077
TNS   : -0.231

------------------------------------------------------------
