------------------------------------------------------------
Timing Analyzer Summary
------------------------------------------------------------

Type  : Slow 1100mV 85C Model Setup 'clk'
Slack : -1.842
TNS   : -53.389

Type  : Slow 1100mV 85C Model Hold 'clk'
Slack : 0.416
TNS   : 0.000

Type  : Slow 1100mV 85C Model Minimum Pulse Width 'clk'
Slack : -0.394
TNS   : -21.326

Type  : Slow 1100mV 0C Model Setup 'clk'
Slack : -1.801
TNS   : -52.777

Type  : Slow 1100mV 0C Model Hold 'clk'
Slack : 0.398
TNS   : 0.000

Type  : Slow 1100mV 0C Model Minimum Pulse Width 'clk'
Slack : -0.394
TNS   : -22.740

Type  : Fast 1100mV 85C Model Setup 'clk'
Slack : -0.650
TNS   : -14.029

Type  : Fast 1100mV 85C Model Hold 'clk'
Slack : 0.239
TNS   : 0.000

Type  : Fast 1100mV 85C Model Minimum Pulse Width 'clk'
Slack : -0.084
TNS   : -3.252

Type  : Fast 1100mV 0C Model Setup 'clk'
Slack : -0.533
TNS   : -10.642

Type  : Fast 1100mV 0C Model Hold 'clk'
Slack : 0.214
TNS   : 0.000

Type  : Fast 1100mV 0C Model Minimum Pulse Width 'clk'
Slack : -0.081
TNS   : -3.160

------------------------------------------------------------
